nohup: ignoring input
Regenerating street maps...
Found 90 street maps.
Using 8 workers to process 90 maps...
Processing NewYork_1_1024.map...
Processing Paris_2_512.map...
Processing NewYork_2_256.map...
Processing Denver_2_1024.map...
Processing Berlin_1_512.map...
Processing Shanghai_1_1024.map...
Processing Shanghai_1_512.map...
Processing Shanghai_2_1024.map...
Processing Milan_2_1024.map...
Processing Sydney_0_1024.map...
Processing Shanghai_2_256.map...
Processing Paris_0_512.map...
Processing London_1_1024.map...
Processing Boston_0_256.map...
Processing Paris_2_1024.map...
Processing London_2_256.map...
Processing Sydney_2_256.map...
Processing London_0_1024.map...
Processing NewYork_0_512.map...
Processing Sydney_2_1024.map...
Processing Berlin_0_256.map...
Processing Shanghai_2_512.map...
Processing Moscow_2_1024.map...
Processing Milan_0_512.map...
Processing Moscow_1_1024.map...
Processing Shanghai_0_512.map...
Processing Milan_2_256.map...
Processing Milan_1_1024.map...
Processing NewYork_0_256.map...
Processing Sydney_2_512.map...
Processing London_1_512.map...
Processing Sydney_0_512.map...
Processing NewYork_2_1024.map...
Processing Boston_0_1024.map...
Processing Paris_0_1024.map...
Processing Milan_2_512.map...
Processing Denver_0_1024.map...
Processing Berlin_2_1024.map...
Processing Milan_1_256.map...
Processing Denver_0_512.map...
Processing NewYork_0_1024.map...
Processing Berlin_1_256.map...
Processing Denver_2_512.map...
Processing Boston_2_256.map...
Processing Moscow_0_256.map...
Processing Shanghai_0_256.map...
Processing Moscow_1_256.map...
Processing London_1_256.map...
Processing Milan_1_512.map...
Processing London_2_512.map...
Processing Boston_1_1024.map...
Processing Sydney_0_256.map...
Processing London_2_1024.map...
Processing Boston_1_256.map...
Processing Denver_0_256.map...
Processing Denver_2_256.map...
Processing Boston_2_512.map...
Processing Moscow_0_1024.map...
Processing Berlin_1_1024.map...
Processing Milan_0_1024.map...
[9.9s] Wrote results_Shanghai_1_256.map.csv
[10.0s] Wrote results_London_2_256.map.csv
[20.3s] Wrote results_Sydney_1_256.map.csv
[23.2s] Wrote results_Sydney_2_256.map.csv
[32.2s] Wrote results_Paris_0_256.map.csv
[42.1s] Wrote results_NewYork_1_256.map.csv
[46.6s] Wrote results_Milan_2_512.map.csv
[46.7s] Wrote results_Shanghai_0_512.map.csv
[51.0s] Wrote results_Boston_0_512.map.csv
[57.3s] Wrote results_Milan_2_256.map.csv
[91.9s] Wrote results_Moscow_0_512.map.csv
[182.4s] Wrote results_Moscow_2_512.map.csv
[272.0s] Wrote results_NewYork_1_512.map.csv
[285.8s] Wrote results_Moscow_2_256.map.csv
[463.5s] Wrote results_Boston_1_1024.map.csv
[487.7s] Wrote results_Sydney_0_256.map.csv
[625.4s] Wrote results_Paris_1_1024.map.csv
[641.1s] Wrote results_Milan_0_256.map.csv
[660.8s] Wrote results_NewYork_1_1024.map.csv
[686.7s] Wrote results_Denver_0_1024.map.csv
[686.8s] Wrote results_Milan_2_1024.map.csv
[692.9s] Wrote results_Milan_1_1024.map.csv
[694.5s] Wrote results_Moscow_1_512.map.csv
[702.5s] Wrote results_NewYork_0_256.map.csv
[705.5s] Wrote results_London_0_1024.map.csv
[718.5s] Wrote results_Paris_2_512.map.csv
[732.7s] Wrote results_NewYork_2_256.map.csv
[760.1s] Wrote results_Berlin_2_512.map.csv
[765.9s] Wrote results_Sydney_2_512.map.csv
[773.6s] Wrote results_NewYork_0_512.map.csv
[789.1s] Wrote results_Shanghai_0_1024.map.csv
[815.5s] Wrote results_Boston_1_512.map.csv
[821.1s] Wrote results_London_1_512.map.csv
[835.5s] Wrote results_London_2_1024.map.csv
[843.2s] Wrote results_Denver_1_512.map.csv
[846.8s] Wrote results_Boston_1_256.map.csv
[853.6s] Wrote results_Denver_1_256.map.csv
[858.4s] Wrote results_Denver_0_256.map.csv
[864.9s] Wrote results_Berlin_0_512.map.csv
[869.2s] Wrote results_Denver_2_256.map.csv
[871.1s] Wrote results_Sydney_0_512.map.csv
[875.6s] Wrote results_Paris_1_256.map.csv
[885.2s] Wrote results_Berlin_2_256.map.csv
[886.1s] Wrote results_London_0_256.map.csv
[892.2s] Wrote results_London_0_512.map.csv
[904.1s] Wrote results_Paris_2_256.map.csv
[920.5s] Wrote results_Boston_2_512.map.csv
[941.8s] Wrote results_Berlin_2_1024.map.csv
[953.0s] Wrote results_Milan_1_256.map.csv
[967.1s] Wrote results_Sydney_0_1024.map.csv
[982.6s] Wrote results_Shanghai_2_256.map.csv
[1021.4s] Wrote results_Denver_0_512.map.csv
[1021.9s] Wrote results_Denver_2_1024.map.csv
[1037.4s] Wrote results_Paris_0_512.map.csv
[1061.5s] Wrote results_Sydney_2_1024.map.csv
[1071.1s] Wrote results_Berlin_0_256.map.csv
[1071.3s] Wrote results_Berlin_1_512.map.csv
[1135.9s] Wrote results_Shanghai_2_512.map.csv
[1157.4s] Wrote results_Sydney_1_1024.map.csv
[1247.6s] Wrote results_NewYork_2_1024.map.csv
[1259.3s] Wrote results_Berlin_0_1024.map.csv
[1272.6s] Wrote results_Moscow_0_1024.map.csv
[1325.4s] Wrote results_Sydney_1_512.map.csv
[1359.9s] Wrote results_London_1_1024.map.csv
[1370.3s] Wrote results_Boston_0_256.map.csv
[1380.1s] Wrote results_NewYork_0_1024.map.csv
[1391.0s] Wrote results_Berlin_1_256.map.csv
[1405.4s] Wrote results_Shanghai_1_1024.map.csv
[1446.3s] Wrote results_Denver_2_512.map.csv
[1447.2s] Wrote results_Moscow_2_1024.map.csv
[1457.6s] Wrote results_Boston_2_256.map.csv
[1459.2s] Wrote results_Shanghai_1_512.map.csv
[1468.4s] Wrote results_Moscow_0_256.map.csv
[1477.6s] Wrote results_Boston_2_1024.map.csv
[1478.9s] Wrote results_Shanghai_0_256.map.csv
[1490.5s] Wrote results_Moscow_1_256.map.csv
[1500.3s] Wrote results_Milan_0_512.map.csv
[1502.4s] Wrote results_London_1_256.map.csv
[1524.7s] Wrote results_Boston_0_1024.map.csv
[1528.4s] Wrote results_NewYork_2_512.map.csv
[1538.3s] Wrote results_Berlin_1_1024.map.csv
[1551.4s] Wrote results_Milan_1_512.map.csv
[1575.0s] Wrote results_Paris_1_512.map.csv
[1586.5s] Wrote results_Denver_1_1024.map.csv
[1598.7s] Wrote results_London_2_512.map.csv
[1615.8s] Wrote results_Paris_2_1024.map.csv
[1654.3s] Wrote results_Shanghai_2_1024.map.csv
[1679.5s] Wrote results_Moscow_1_1024.map.csv
[1698.1s] Wrote results_Paris_0_1024.map.csv
[1703.5s] Wrote results_Milan_0_1024.map.csv
Done in 1703.65s
Aggregating and plotting...
Saved combined results to results.csv
Moved 90 files to csv_files/ directory
Plots generated and saved in plots/ directory.
Custom PDF plots generated successfully.
Organizing street maps...
Restore complete!
